// Jest Snapshot v1, https://goo.gl/fbAQLP

exports[`components/OAuthConfigModalForm should match snapshot 1`] = `
<form
  onSubmit={[Function]}
  role="form"
>
  <ModalBody
    bsClass="modal-body"
    componentClass="div"
    style={
      Object {
        "backgroundColor": undefined,
        "color": undefined,
        "padding": "2em 2em 3em",
      }
    }
  >
    <Input
      addValidate={[Function]}
      disabled={false}
      helpText="Enter a Jira Cloud URL (typically, \`https://yourorg.atlassian.net\`), or just the organization part, \`yourorg\`"
      label="Jira Cloud organization"
      maxLength={null}
      onChange={[Function]}
      placeholder="https://yourorg.atlassian.net"
      readOnly={false}
      removeValidate={[Function]}
      required={true}
      type="input"
      value=""
    />
    <Input
      addValidate={[Function]}
      disabled={false}
      helpText="The client ID for the OAuth app registered with Jira"
      label="Jira OAuth Client ID"
      maxLength={null}
      onChange={[Function]}
      readOnly={false}
      removeValidate={[Function]}
      required={true}
      type="input"
      value=""
    />
    <Input
      addValidate={[Function]}
      disabled={false}
      helpText="The client secret for the OAuth app registered with Jira"
      label="Jira OAuth Client Secret"
      maxLength={null}
      onChange={[Function]}
      readOnly={false}
      removeValidate={[Function]}
      required={true}
      type="input"
      value=""
    />
  </ModalBody>
  <ModalFooter
    bsClass="modal-footer"
    componentClass="div"
    style={
      Object {
        "padding": "2rem 15px",
      }
    }
  >
    <FormButton
      btnClass="btn-link"
      defaultMessage="Cancel"
      disabled={false}
      extraClasses=""
      onClick={[Function]}
      savingMessage="Creating"
      type="button"
    />
    <FormButton
      btnClass="btn btn-primary"
      defaultMessage="Configure"
      disabled={false}
      extraClasses=""
      saving={false}
      savingMessage="Creating"
      type="submit"
    />
    <p
      className="error-text"
    />
  </ModalFooter>
</form>
`;
